===== 21:46:00  场景1 基线(注入前)
health   HTTP 200    74.1 ms  status=UP db=UP ping=UP rabbit=UP redis=UP
me       HTTP 200     5.0 ms  {"code":0,"message":"success","data":{"id":3,"username":"agent_a","displayName":"坐席A","rol
create   HTTP 201    48.4 ms  code=0 id=1 category=REFUND priority=P1 traceId=7b876927109d4dc3
grab     HTTP 200    36.1 ms  code=0 status=ASSIGNED assignee=3 traceId=4982864c10f64e12
metrics  mq_event_published=581656 mq_event_publish_failed=0 mq_event_consumed=581656 llm_fallback=0 llm_circuit_open=0 llm_circuit_state=0 sla_scan_lock_unavailable=0 sla_scan=450
db       ticket={'status': 'ASSIGNED', 'assignee_id': 3} audit_rows=2 llm_call_log=[{'scene': 'CLASSIFY', 'request_model': 'mock-classifier-v1', 'response_model': 'mock-classifier-v1', 'latency_ms': 13, 'degraded': 0, 'degrade_reason': None, 'raw_category': 'REFUND', 'final_category': 'REFUND'}]
db       mq_message_dedup rows for ticket 1 = 3 (创建 1 + 抢单 2 = 3 为全部消费)

21:46:13 docker compose stop redis
 Container ticketqa-redis Stopped 
ticketqa-mysql Up 4 hours (healthy)
ticketqa-prometheus Up 4 hours
ticketqa-rabbitmq Up 4 hours (healthy)
ticketqa-wiremock Up 4 hours (healthy)
===== 21:46:16  场景1 注入中 #1(redis 已停)
health   HTTP 503   606.8 ms  status=DOWN db=UP ping=UP rabbit=UP redis=DOWN
me       HTTP 200  1048.7 ms  {"code":0,"message":"success","data":{"id":3,"username":"agent_a","displayName":"坐席A","rol
create   HTTP 201  1102.2 ms  code=0 id=2 category=REFUND priority=P1 traceId=72cd8e6e7e2146b9
grab     HTTP 200  1046.5 ms  code=0 status=ASSIGNED assignee=3 traceId=295dcec9cce044f3
metrics  mq_event_published=581659 mq_event_publish_failed=0 mq_event_consumed=581659 llm_fallback=0 llm_circuit_open=0 llm_circuit_state=0 sla_scan_lock_unavailable=0 sla_scan=450
db       ticket={'status': 'ASSIGNED', 'assignee_id': 3} audit_rows=2 llm_call_log=[{'scene': 'CLASSIFY', 'request_model': 'mock-classifier-v1', 'response_model': 'mock-classifier-v1', 'latency_ms': 46, 'degraded': 0, 'degrade_reason': None, 'raw_category': 'REFUND', 'final_category': 'REFUND'}]
db       mq_message_dedup rows for ticket 2 = 3 (创建 1 + 抢单 2 = 3 为全部消费)

===== 21:46:22  场景1 注入中 #2(redis 已停)
health   HTTP 503   607.3 ms  status=DOWN db=UP ping=UP rabbit=UP redis=DOWN
me       HTTP 200  1039.2 ms  {"code":0,"message":"success","data":{"id":3,"username":"agent_a","displayName":"坐席A","rol
create   HTTP 201  1082.7 ms  code=0 id=3 category=REFUND priority=P1 traceId=deb2b496db3746ba
grab     HTTP 200  1048.0 ms  code=0 status=ASSIGNED assignee=3 traceId=66b0ef627d0a4aaf
metrics  mq_event_published=581662 mq_event_publish_failed=0 mq_event_consumed=581662 llm_fallback=0 llm_circuit_open=0 llm_circuit_state=0 sla_scan_lock_unavailable=0 sla_scan=450
db       ticket={'status': 'ASSIGNED', 'assignee_id': 3} audit_rows=2 llm_call_log=[{'scene': 'CLASSIFY', 'request_model': 'mock-classifier-v1', 'response_model': 'mock-classifier-v1', 'latency_ms': 44, 'degraded': 0, 'degrade_reason': None, 'raw_category': 'REFUND', 'final_category': 'REFUND'}]
db       mq_message_dedup rows for ticket 3 = 3 (创建 1 + 抢单 2 = 3 为全部消费)

===== 21:47:18  场景1 注入中 #3(等过一次 SLA 扫描周期)
health   HTTP 503   625.8 ms  status=DOWN db=UP ping=UP rabbit=UP redis=DOWN
me       HTTP 200  1044.6 ms  {"code":0,"message":"success","data":{"id":3,"username":"agent_a","displayName":"坐席A","rol
create   HTTP 201  1062.4 ms  code=0 id=4 category=REFUND priority=P1 traceId=13dced5c60b84937
grab     HTTP 200  1051.9 ms  code=0 status=ASSIGNED assignee=3 traceId=b89c901ab52e4a79
metrics  mq_event_published=581665 mq_event_publish_failed=0 mq_event_consumed=581663 llm_fallback=0 llm_circuit_open=0 llm_circuit_state=0 sla_scan_lock_unavailable=2 sla_scan=452
db       ticket={'status': 'ASSIGNED', 'assignee_id': 3} audit_rows=2 llm_call_log=[{'scene': 'CLASSIFY', 'request_model': 'mock-classifier-v1', 'response_model': 'mock-classifier-v1', 'latency_ms': 5, 'degraded': 0, 'degrade_reason': None, 'raw_category': 'REFUND', 'final_category': 'REFUND'}]
db       mq_message_dedup rows for ticket 4 = 3 (创建 1 + 抢单 2 = 3 为全部消费)

--- 服务日志(WARN 采样)
      2 SLA 扫描不加锁继续执行: Redis comma
      3 缓存写入失败,忽略 cache=agents key=1
      6 缓存写入失败,忽略 cache=agents key=3
      3 缓存读取失败,回源查库 cache=agents key=1
      6 缓存读取失败,回源查库 cache=agents key=3
21:47:24 docker compose start redis
 Container ticketqa-redis Started 
===== 21:47:28  场景1 恢复后 +3s
health   HTTP 503   621.2 ms  status=DOWN db=UP ping=UP rabbit=UP redis=DOWN
me       HTTP 200  1052.5 ms  {"code":0,"message":"success","data":{"id":3,"username":"agent_a","displayName":"坐席A","rol
create   HTTP 201  1075.8 ms  code=0 id=5 category=REFUND priority=P1 traceId=48c5cf5a67d741ca
grab     HTTP 200  1042.9 ms  code=0 status=ASSIGNED assignee=3 traceId=71521961a4cf4587
metrics  mq_event_published=581668 mq_event_publish_failed=0 mq_event_consumed=581666 llm_fallback=0 llm_circuit_open=0 llm_circuit_state=0 sla_scan_lock_unavailable=3 sla_scan=453
db       ticket={'status': 'ASSIGNED', 'assignee_id': 3} audit_rows=2 llm_call_log=[{'scene': 'CLASSIFY', 'request_model': 'mock-classifier-v1', 'response_model': 'mock-classifier-v1', 'latency_ms': 42, 'degraded': 0, 'degrade_reason': None, 'raw_category': 'REFUND', 'final_category': 'REFUND'}]
db       mq_message_dedup rows for ticket 5 = 3 (创建 1 + 抢单 2 = 3 为全部消费)

===== 21:47:43  场景1 恢复后 +10s
health   HTTP 503   614.3 ms  status=DOWN db=UP ping=UP rabbit=UP redis=DOWN
me       HTTP 200  1048.4 ms  {"code":0,"message":"success","data":{"id":3,"username":"agent_a","displayName":"坐席A","rol
create   HTTP 201  1084.8 ms  code=0 id=6 category=REFUND priority=P1 traceId=c49590233cc6401c
grab     HTTP 200   982.7 ms  code=0 status=ASSIGNED assignee=3 traceId=b997e538e08b4697
metrics  mq_event_published=581671 mq_event_publish_failed=0 mq_event_consumed=581671 llm_fallback=0 llm_circuit_open=0 llm_circuit_state=0 sla_scan_lock_unavailable=3 sla_scan=453
db       ticket={'status': 'ASSIGNED', 'assignee_id': 3} audit_rows=2 llm_call_log=[{'scene': 'CLASSIFY', 'request_model': 'mock-classifier-v1', 'response_model': 'mock-classifier-v1', 'latency_ms': 47, 'degraded': 0, 'degrade_reason': None, 'raw_category': 'REFUND', 'final_category': 'REFUND'}]
db       mq_message_dedup rows for ticket 6 = 3 (创建 1 + 抢单 2 = 3 为全部消费)

ticketqa-redis Up 37 seconds (healthy)
PONG
windows->redis: b'+OK\r\n+PONG\r\n'
===== 21:48:32  场景1 恢复后(继续等待)
health   HTTP 200    67.1 ms  status=UP db=UP ping=UP rabbit=UP redis=UP
me       HTTP 200     2.3 ms  {"code":0,"message":"success","data":{"id":3,"username":"agent_a","displayName":"坐席A","rol
create   HTTP 201    38.1 ms  code=0 id=7 category=REFUND priority=P1 traceId=173009a80e484ac8
grab     HTTP 200    10.9 ms  code=0 status=ASSIGNED assignee=3 traceId=516546c0742044b6
metrics  mq_event_published=581674 mq_event_publish_failed=0 mq_event_consumed=581672 llm_fallback=0 llm_circuit_open=0 llm_circuit_state=0 sla_scan_lock_unavailable=3 sla_scan=455
db       ticket={'status': 'ASSIGNED', 'assignee_id': 3} audit_rows=2 llm_call_log=[{'scene': 'CLASSIFY', 'request_model': 'mock-classifier-v1', 'response_model': 'mock-classifier-v1', 'latency_ms': 5, 'degraded': 0, 'degrade_reason': None, 'raw_category': 'REFUND', 'final_category': 'REFUND'}]
db       mq_message_dedup rows for ticket 7 = 3 (创建 1 + 抢单 2 = 3 为全部消费)

===== 21:49:04  场景1 恢复后(继续等待)
health   HTTP 200    66.4 ms  status=UP db=UP ping=UP rabbit=UP redis=UP
me       HTTP 200    27.5 ms  {"code":0,"message":"success","data":{"id":3,"username":"agent_a","displayName":"坐席A","rol
create   HTTP 201    34.9 ms  code=0 id=8 category=REFUND priority=P1 traceId=39f6ebf6cdfd4d80
grab     HTTP 200    11.4 ms  code=0 status=ASSIGNED assignee=3 traceId=99e5134acb4a4952
metrics  mq_event_published=581677 mq_event_publish_failed=0 mq_event_consumed=581675 llm_fallback=0 llm_circuit_open=0 llm_circuit_state=0 sla_scan_lock_unavailable=3 sla_scan=456
db       ticket={'status': 'ASSIGNED', 'assignee_id': 3} audit_rows=2 llm_call_log=[{'scene': 'CLASSIFY', 'request_model': 'mock-classifier-v1', 'response_model': 'mock-classifier-v1', 'latency_ms': 5, 'degraded': 0, 'degrade_reason': None, 'raw_category': 'REFUND', 'final_category': 'REFUND'}]
db       mq_message_dedup rows for ticket 8 = 3 (创建 1 + 抢单 2 = 3 为全部消费)

--- Lettuce 重连证据(服务日志)
2026-09-20T21:46:13.846+08:00 prematurely closed
2026-09-20T21:46:22.813+08:00 localhost/127.0.0.1:6379 getsockopt:
2026-09-20T21:46:31.015+08:00 localhost/127.0.0.1:6379 getsockopt:
2026-09-20T21:46:47.411+08:00 localhost/127.0.0.1:6379 getsockopt:
2026-09-20T21:47:17.515+08:00 localhost/127.0.0.1:6379 getsockopt:
2026-09-20T21:47:47.616+08:00 localhost/<unresolved>:6379 to
docker start redis 于 21:47:24,Reconnected 于 21:47:47.616 → 自愈耗时 23.6 s
