ticketqa-mysql Up 4 hours (healthy)
ticketqa-prometheus Up 4 hours
ticketqa-rabbitmq Up 3 minutes (healthy)
ticketqa-redis Up 5 minutes (healthy)
ticketqa-wiremock Up 4 hours (healthy)
{"settings":{"fixedDelay":0,"proxyPassThrough":false}}===== 21:53:23  场景4 三者全部恢复后
health   HTTP 200    72.4 ms  status=UP db=UP ping=UP rabbit=UP redis=UP
me       HTTP 200     2.6 ms  {"code":0,"message":"success","data":{"id":3,"username":"agent_a","displayName":"坐席A","rol
create   HTTP 201    68.3 ms  code=0 id=27 category=REFUND priority=P1 traceId=3914b2a104b8451a
grab     HTTP 200    31.1 ms  code=0 status=ASSIGNED assignee=3 traceId=ffbeb7bb909f4f41
metrics  mq_event_published=581725 mq_event_publish_failed=9 mq_event_consumed=581723 llm_fallback=8 llm_circuit_open=1 llm_circuit_state=0 sla_scan_lock_unavailable=3 sla_scan=464
db       ticket={'status': 'ASSIGNED', 'assignee_id': 3} audit_rows=2 llm_call_log=[{'scene': 'CLASSIFY', 'request_model': 'mock-classifier-v1', 'response_model': 'mock-classifier-v1', 'latency_ms': 48, 'degraded': 0, 'degrade_reason': None, 'raw_category': 'REFUND', 'final_category': 'REFUND'}]
db       mq_message_dedup rows for ticket 27 = 4 (创建 1 + 抢单 2 = 3 为全部消费)

|---|---|---|---|---|---|---|---|---|---|---|---|
| baseline_create_t10.jtl | 8213 | 60.0 | 137.0 | 67.0 | 67 | 75 | 80 | 607 | 0 | 0.00% | {'201': 8213} |
| create_t10.jtl | 9043 | 60.0 | 150.8 | 64.8 | 64 | 72 | 77 | 144 | 0 | 0.00% | {'201': 9043} |
--- ticket 27 的去重表行(为什么是 4 行)
   {'message_id': '54c7e0be-6044-479b-8af0-3dccadfd8979', 'consumer': 'status-changed-notifier', 'event_type': 'STATUS_CHANGED', 'consumed_at': '21:44:29.507000'}
   {'message_id': '4ca369a2-c37c-4190-b5ce-5d4a9f355bc0', 'consumer': 'status-changed-notifier', 'event_type': 'STATUS_CHANGED', 'consumed_at': '21:53:23.860000'}
   {'message_id': '9ab48af8-6c6e-4d33-959e-dcc057c68eaa', 'consumer': 'status-changed-notifier', 'event_type': 'STATUS_CHANGED', 'consumed_at': '21:53:23.910000'}
   {'message_id': '2e7a27f1-b489-48d2-abe3-afa6249c1649', 'consumer': 'assigned-notifier', 'event_type': 'ASSIGNED', 'consumed_at': '21:53:23.910000'}
--- 1~27 号工单中去重行数 != 3 的: [{'ticket_id': 26, 'n': 4}, {'ticket_id': 27, 'n': 4}]
| baseline_create_t10.jtl | 8213 | 60.0 | 137.0 | 67.0 | 67 | 75 | 80 | 607 | 0 | 0.00% | {'201': 8213} |
| create_t10.jtl | 9043 | 60.0 | 150.8 | 64.8 | 64 | 72 | 77 | 144 | 0 | 0.00% | {'201': 9043} |
| recovery_create_t10.jtl | 4230 | 30.0 | 141.2 | 68.0 | 67 | 78 | 86 | 112 | 0 | 0.00% | {'201': 4230} |
  gc_count         delta=    4.00  (first=282.0 last=286.0)
  llm_fallback     delta=    0.00  (first=8.0 last=8.0)
  mq_published     delta= 4230.00  (first=581800.0 last=586030.0)
  mq_publish_failed delta=    0.00  (first=9.0 last=9.0)
  mq_consumed      delta= 4230.00  (first=581800.0 last=586030.0)
